# command: node openspec/changes/align-frontend-with-functional-prototype/development/tasks/021-infrastructure-route-reverification/evidence/validate_task.mjs
# exit_status: 0
# duration_ms: 205205

## stdout

## Focused Vitest
Recreating /private/var/folders/1v/8sfc4rjx1834mzlqzxqr8lr40000gn/T/woodpecker-task021-receipt-5be9ef75-9d8d-43cc-babf-f9b0826de19f/web/node_modules
? Verifying lockfile against supply-chain policies (689 entries)...
Lockfile is up to date, resolution step is skipped
Progress: resolved 1, reused 0, downloaded 0, added 0
Packages: +620
++++++++++++++++++++++++++++++++++++++++++++++++++++++++++++++++++++++++++++++++
Progress: resolved 620, reused 429, downloaded 0, added 0
Progress: resolved 620, reused 620, downloaded 0, added 107
Progress: resolved 620, reused 620, downloaded 0, added 527
Progress: resolved 620, reused 620, downloaded 0, added 618
Progress: resolved 620, reused 620, downloaded 0, added 620, done
[WARN] Request took 12156ms: https://registry.npmjs.org/tailwindcss
✓ Lockfile passes supply-chain policies (689 entries in 24.5s)

dependencies:
+ @kyvg/vue3-notification 3.4.2
+ @mdi/js 7.4.47
+ @vueuse/core 14.4.0
+ ansi_up 6.0.6
+ dompurify 3.4.13
+ fuse.js 7.5.0
+ js-base64 3.9.2
+ marked 18.0.9
+ node-emoji 2.2.0
+ pinia 4.0.2
+ prismjs 1.30.0
+ semver 7.8.5
+ simple-icons 16.28.0
+ tailwindcss 4.3.3
+ vue 3.5.41
+ vue-i18n 11.4.8
+ vue-router 5.2.0

devDependencies:
+ @antfu/eslint-config 9.3.0
+ @eslint/js 10.0.1
+ @ianvs/prettier-plugin-sort-imports 4.7.1
+ @intlify/eslint-plugin-vue-i18n 4.5.1
+ @intlify/unplugin-vue-i18n 11.2.4
+ @tailwindcss/typography 0.5.20
+ @tailwindcss/vite 4.3.3
+ @types/node 24.13.3
+ @types/prismjs 1.26.6
+ @types/semver 7.8.0
+ @types/tinycolor2 1.4.6
+ @vitejs/plugin-vue 6.0.8
+ @vue/compiler-sfc 3.5.41
+ @vue/test-utils 2.4.11
+ dotenv 17.4.2
+ eslint 10.8.0
+ eslint-plugin-promise 7.3.0
+ eslint-plugin-vue-scoped-css 3.1.3
+ jsdom 30.0.1
+ prettier 3.9.6
+ prettier-plugin-tailwindcss 0.8.1
+ tinycolor2 1.6.0
+ ts-node 10.9.2
+ typescript 6.0.3
+ vite 8.2.1
+ vite-plugin-prismjs 0.0.11
+ vite-svg-loader 5.1.1
+ vitest 4.1.10
+ vue-tsc 3.3.9

Done in 25.4s using pnpm v11.20.0
1) Please add `WOODPECKER_DEV_WWW_PROXY=http://localhost:8010` to your `.env` file.
2) Start the Woodpecker server
3) If you want to run the vite dev server (`pnpm start`) within a container please set `VITE_DEV_SERVER_HOST=0.0.0.0`.

  🚀 Access the UI at http://localhost:8000/

 RUN  v4.1.10 /private/var/folders/1v/8sfc4rjx1834mzlqzxqr8lr40000gn/T/woodpecker-task021-receipt-5be9ef75-9d8d-43cc-babf-f9b0826de19f/web


 Test Files  9 passed (9)
      Tests  39 passed (39)
   Start at  21:50:04
   Duration  12.38s (transform 25.15s, setup 0ms, import 43.13s, tests 4.74s, environment 22.69s)


## Full Vitest
1) Please add `WOODPECKER_DEV_WWW_PROXY=http://localhost:8010` to your `.env` file.
2) Start the Woodpecker server
3) If you want to run the vite dev server (`pnpm start`) within a container please set `VITE_DEV_SERVER_HOST=0.0.0.0`.

  🚀 Access the UI at http://localhost:8000/

 RUN  v4.1.10 /private/var/folders/1v/8sfc4rjx1834mzlqzxqr8lr40000gn/T/woodpecker-task021-receipt-5be9ef75-9d8d-43cc-babf-f9b0826de19f/web


 Test Files  95 passed (95)
      Tests  549 passed (549)
   Start at  21:50:19
   Duration  67.00s (transform 87.61s, setup 0ms, import 174.97s, tests 49.13s, environment 186.57s)


## Task 021 Prettier
Checking formatting...
All matched files use Prettier code style!

## ESLint

## Vue TypeScript

## Vite build

## Mock API smoke
{"ok":true,"fixture":"021-infrastructure-route-reverification","servers":3,"groups":2,"services":3,"alerts":3,"environments":2,"states":["admin/populated","normal/empty"]}

## Strict evidence verifier
{"ok":true,"runId":"84b42687-5a1a-402c-952f-6e5fd1ac338a","measurements":62,"screenshots":62,"rows":[46,47,48,49,50,51,52,53,54,55,56,57],"normalUserDeleteControls":0,"pageOverflowStates":[],"rawI18nStates":[],"checksumsVerified":true}

## Persistent red-team
{"schema":"woodpecker.infrastructure-verifier-redteam.v1","ok":true,"positiveVerifierExitCode":0,"mutations":[{"id":"run-id","rejected":true,"code":1,"signal":null},{"id":"wrong-theme","rejected":true,"code":1,"signal":null},{"id":"wrong-locale","rejected":true,"code":1,"signal":null},{"id":"tampered-content","rejected":true,"code":1,"signal":null},{"id":"wrong-role","rejected":true,"code":1,"signal":null},{"id":"admin-control","rejected":true,"code":1,"signal":null},{"id":"wrong-route","rejected":true,"code":1,"signal":null},{"id":"unhealthy-browser","rejected":true,"code":1,"signal":null},{"id":"raw-i18n","rejected":true,"code":1,"signal":null},{"id":"horizontal-overflow","rejected":true,"code":1,"signal":null},{"id":"unexpected-http-error","rejected":true,"code":1,"signal":null},{"id":"source-identity","rejected":true,"code":1,"signal":null},{"id":"png-signature","rejected":true,"code":1,"signal":null}],"generatedAt":"2026-08-13T13:53:00.743Z"}

## JavaScript syntax: capture_browser.mjs

## JavaScript syntax: matrix.mjs

## JavaScript syntax: mock_api.mjs

## JavaScript syntax: mock_api_smoke.mjs

## JavaScript syntax: redteam_verifier.mjs

## JavaScript syntax: validate_task.mjs

## JavaScript syntax: verify_evidence.mjs

## Git whitespace check

{"ok":true,"focused":"9/39","full":"95/549","runId":"84b42687-5a1a-402c-952f-6e5fd1ac338a","strict":"62/62","redTeam":"13/13","jsonFiles":68,"hardcodedChineseVisibleStrings":0}


## stderr
$ vitest -- --run
$ eslint --max-warnings 0 .
$ vue-tsc --noEmit
$ vite build --base=/BASE_PATH
<script src="/web-config.js"> in "/index.html" can't be bundled without type="module" attribute
<script src="/assets/custom.js"> in "/index.html" can't be bundled without type="module" attribute
[33m[PLUGIN_TIMINGS] [0mYour build spent 95% of 6.7s inside plugin hooks (6.4s).
Measured inside the callback, so queue time is excluded and time the callback itself awaited is not:
  - prismjs transform (23%, 1.5s, 490 calls)
  - vite:vue transform (16%, 1.0s, 333 calls)
Those rows are 38% of the build; the rest of the 95% is below.
Not measurable — 2 hooks whose calls overlap, so elapsed time covers work other calls were doing. Profile with `node --cpu-prof`:
  - @tailwindcss/vite:generate:build transform (68 calls)
  - unplugin-vue-i18n:resource load (489 calls)
See https://rolldown.rs/reference/InputOptions.checks#plugintimings for more details.

task021 mock API listening on http://127.0.0.1:8212

