# command: node openspec/changes/align-frontend-with-functional-prototype/development/tasks/022-deployment-route-reverification/evidence/validate_task.mjs
# exit_status: 1
# duration_ms: 942

## stdout

## Focused Vitest
[ERR_PNPM_ABORTED_REMOVE_MODULES_DIR_NO_TTY] Aborted removal of modules directory due to no TTY

If you are running pnpm in CI, set the CI environment variable to "true", or set "confirmModulesPurge" to "false".
[ERROR] Command failed with exit code 1: pnpm install

pnpm: Command failed with exit code 1: pnpm install
    at getFinalError (file:///Users/wenliang_zeng/.cache/node/corepack/v1/pnpm/11.20.0/dist/pnpm.mjs:89001:14)
    at makeError (file:///Users/wenliang_zeng/.cache/node/corepack/v1/pnpm/11.20.0/dist/pnpm.mjs:91308:21)
    at getSyncResult (file:///Users/wenliang_zeng/.cache/node/corepack/v1/pnpm/11.20.0/dist/pnpm.mjs:93152:10)
    at spawnSubprocessSync (file:///Users/wenliang_zeng/.cache/node/corepack/v1/pnpm/11.20.0/dist/pnpm.mjs:93112:14)
    at execaCoreSync (file:///Users/wenliang_zeng/.cache/node/corepack/v1/pnpm/11.20.0/dist/pnpm.mjs:93042:23)
    at callBoundExeca (file:///Users/wenliang_zeng/.cache/node/corepack/v1/pnpm/11.20.0/dist/pnpm.mjs:95570:23)
    at boundExeca (file:///Users/wenliang_zeng/.cache/node/corepack/v1/pnpm/11.20.0/dist/pnpm.mjs:95547:49)
    at sync2 (file:///Users/wenliang_zeng/.cache/node/corepack/v1/pnpm/11.20.0/dist/pnpm.mjs:95702:14)
    at runPnpmCli (file:///Users/wenliang_zeng/.cache/node/corepack/v1/pnpm/11.20.0/dist/pnpm.mjs:252538:5)
    at runDepsStatusCheck (file:///Users/wenliang_zeng/.cache/node/corepack/v1/pnpm/11.20.0/dist/pnpm.mjs:254302:7)


## stderr
node:internal/modules/run_main:123
    triggerUncaughtException(
    ^

AssertionError [ERR_ASSERTION]: Focused Vitest failed with exit status 1

1 !== 0

    at run (file:///private/var/folders/1v/8sfc4rjx1834mzlqzxqr8lr40000gn/T/woodpecker-task022-receipt-btUwaC/openspec/changes/align-frontend-with-functional-prototype/development/tasks/022-deployment-route-reverification/evidence/validate_task.mjs:25:10)
    at file:///private/var/folders/1v/8sfc4rjx1834mzlqzxqr8lr40000gn/T/woodpecker-task022-receipt-btUwaC/openspec/changes/align-frontend-with-functional-prototype/development/tasks/022-deployment-route-reverification/evidence/validate_task.mjs:60:1
    at ModuleJob.run (node:internal/modules/esm/module_job:345:25)
    at async onImport.tracePromise.__proto__ (node:internal/modules/esm/loader:651:26)
    at async asyncRunEntryPointWithESMLoader (node:internal/modules/run_main:117:5) {
  generatedMessage: false,
  code: 'ERR_ASSERTION',
  actual: 1,
  expected: 0,
  operator: 'strictEqual',
  diff: 'simple'
}

Node.js v22.19.0

